Optimizing Linkage Editor (V.9.04.01.000)         19-Mar-2009 17:26:18

*** Options ***

-subcommand=C:\cygwin\home\minoru\work\h8sdk\test\test\Debug\test.hlk
-noprelink
-rom=D=R
-nomessage
-list="C:\cygwin\home\minoru\work\h8sdk\test\test\Debug\test.map"
-nooptimize
-start=PResetPRG,PIntPRG/0400,P,C,C$DSEC,C$BSEC,D/0800,B,R/0FB80,S/0FE80
-nologo
-input="C:\cygwin\home\minoru\work\h8sdk\test\test\Debug\dbsct.obj"
-input="C:\cygwin\home\minoru\work\h8sdk\test\test\Debug\intprg.obj"
-input="C:\cygwin\home\minoru\work\h8sdk\test\test\Debug\resetprg.obj"
-input="C:\cygwin\home\minoru\work\h8sdk\test\test\Debug\test.obj"
-library="C:\cygwin\home\minoru\work\h8sdk\test\..\build\h8sdk\Debug\h8sdk.lib"
-library="C:\cygwin\home\minoru\work\h8sdk\test\test\Debug\test.lib"
-output="C:\cygwin\home\minoru\work\h8sdk\test\test\Debug\test.abs"
-end

*** Error information ***

*** Mapping List ***

SECTION                            START      END         SIZE   ALIGN

$VECT0
                                  00000000  00000001         2   2
$VECT7
                                  0000000e  0000000f         2   2
$VECT8
                                  00000010  00000011         2   2
$VECT9
                                  00000012  00000013         2   2
$VECT10
                                  00000014  00000015         2   2
$VECT11
                                  00000016  00000017         2   2
$VECT12
                                  00000018  00000019         2   2
$VECT13
                                  0000001a  0000001b         2   2
$VECT14
                                  0000001c  0000001d         2   2
$VECT15
                                  0000001e  0000001f         2   2
$VECT16
                                  00000020  00000021         2   2
$VECT17
                                  00000022  00000023         2   2
$VECT18
                                  00000024  00000025         2   2
$VECT19
                                  00000026  00000027         2   2
$VECT21
                                  0000002a  0000002b         2   2
$VECT22
                                  0000002c  0000002d         2   2
$VECT23
                                  0000002e  0000002f         2   2
$VECT24
                                  00000030  00000031         2   2
$VECT25
                                  00000032  00000033         2   2
PResetPRG
                                  00000400  00000413        14   2
PIntPRG
                                  00000414  0000047f        6c   2
P
                                  00000800  00004833      4034   2
C
                                  00004834  000062ad      1a7a   2
C$DSEC
                                  000062ae  000062b3         6   2
C$BSEC
                                  000062b4  000062b7         4   2
D
                                  000062b8  00006587       2d0   2
B
                                  0000fb80  0000fb8b         c   2
R
                                  0000fb8c  0000fe5b       2d0   2
S
                                  0000fe80  0000ff7f       100   2
